main.c:173:5:main	8	static
main.c:299:6:SystemClock_Config	88	static
main.c:344:13:MX_CAN1_Init	48	static
main.c:395:13:MX_SPI1_Init	8	static
main.c:433:13:MX_SPI2_Init	8	static
main.c:471:13:MX_TIM1_Init	96	static
main.c:550:13:MX_UART4_Init	8	static
main.c:583:13:MX_UART5_Init	8	static
main.c:616:13:MX_GPIO_Init	56	static
main.c:675:6:HAL_CAN_RxFifo0MsgPendingCallback	16	static
main.c:729:6:ReadEncoder	16	static
main.c:799:6:ControlStepper	16	static
main.c:884:6:ControlThrust	16	static
main.c:959:6:HAL_TIM_PeriodElapsedCallback	16	static
main.c:976:6:Error_Handler	4	static,ignoring_inline_asm
