main.c:160:5:main	8	static
main.c:286:6:SystemClock_Config	88	static
main.c:331:13:MX_CAN1_Init	48	static
main.c:382:13:MX_SPI1_Init	8	static
main.c:420:13:MX_SPI2_Init	8	static
main.c:458:13:MX_TIM1_Init	96	static
main.c:537:13:MX_UART4_Init	8	static
main.c:570:13:MX_UART5_Init	8	static
main.c:603:13:MX_GPIO_Init	56	static
main.c:662:6:HAL_CAN_RxFifo0MsgPendingCallback	16	static
main.c:681:6:ReadEncoder	16	static
main.c:751:6:ControlStepper	16	static
main.c:829:6:ControlThrust	16	static
main.c:866:6:HAL_TIM_PeriodElapsedCallback	16	static
main.c:883:6:Error_Handler	4	static,ignoring_inline_asm
